
> vite_react_shadcn_ts@0.0.0 build
> vite build

[36mvite v5.4.19 [32mbuilding for production...[36m[39m
transforming...
node.exe : Browserslist: 
browsers data (caniuse-lite) 
is 7 months old. Please run:
En línea: 1 Carácter: 1
+ & "C:\Program 
Files\nodejs/node.exe" 
"C:\Program 
Files\nodejs/node_mo ...
+ ~~~~~~~~~~~~~~~~~~~~~~~~~~~
~~~~~~~~~~~~~~~~~~~~~~~~~~~~~
~~~~~~~~~~~~~
    + CategoryInfo           
   : NotSpecified: (Browser  
  slist: b...ld. Please ru   
 n::String) [], RemoteExc    
eption
    + FullyQualifiedErrorId  
   : NativeCommandError
 
  npx 
update-browserslist-db@latest
  Why you should do it 
regularly: https://github.com
/browserslist/update-db#readm
e
[33m[vite:css] @import must 
precede all other statements 
(besides @charset or empty 
@layer)
3  |  @tailwind utilities;
4  |  
5  |  @import url('https://fo
nts.googleapis.com/css2?famil
y=DM+Sans:ital,opsz,wght@0,9.
.40,100..1000;1,9..40,100..10
00&family=JetBrains+Mono:wght
@400;500;600&display=swap');
   |  ^^^^^^^^^^^^^^^^^^^^^^^
^^^^^^^^^^^^^^^^^^^^^^^^^^^^^
^^^^^^^^^^^^^^^^^^^^^^^^^^^^^
^^^^^^^^^^^^^^^^^^^^^^^^^^^^^
^^^^^^^^^^^^^^^^^^^^^^^^^^^^^
^^^^^^^^^^^^^^^^^^^^^^^^^^^^
6  |  
7  |  @layer base {[39m
[32mÔ£ô[39m 41 modules transformed.
[31mx[39m Build failed in 
2.17s
[31merror during build:
[31m[vite:esbuild] 
Transform failed with 1 
error:
C:/Users/eneas/Downloads/livv
/LEADZUPPPLYAI/catalog-cataly
st-ai-main/src/components/imp
ort/FileUploadWizard.tsx:634:
0: ERROR: Unexpected "}"[31m
file: [36mC:/Users/eneas/Dow
nloads/livv/LEADZUPPPLYAI/cat
alog-catalyst-ai-main/src/com
ponents/import/FileUploadWiza
rd.tsx:634:0[31m
[33m
[33mUnexpected "}"[33m
632|    </div>
633|  );
634|  }
   |  ^
635|  
[31m
    at failureErrorWithLog (C
:\Users\eneas\Downloads\livv\
LEADZUPPPLYAI\catalog-catalys
t-ai-main\node_modules\esbuil
d\lib\main.js:1472:15)
    at C:\Users\eneas\Downloa
ds\livv\LEADZUPPPLYAI\catalog
-catalyst-ai-main\node_module
s\esbuild\lib\main.js:755:50
    at 
responseCallbacks.<computed> 
(C:\Users\eneas\Downloads\liv
v\LEADZUPPPLYAI\catalog-catal
yst-ai-main\node_modules\esbu
ild\lib\main.js:622:9)
    at handleIncomingPacket (
C:\Users\eneas\Downloads\livv
\LEADZUPPPLYAI\catalog-cataly
st-ai-main\node_modules\esbui
ld\lib\main.js:677:12)
    at Socket.readFromStdout 
(C:\Users\eneas\Downloads\liv
v\LEADZUPPPLYAI\catalog-catal
yst-ai-main\node_modules\esbu
ild\lib\main.js:600:7)
    at Socket.emit 
(node:events:508:28)
    at addChunk (node:interna
l/streams/readable:559:12)
    at 
readableAddChunkPushByteMode 
(node:internal/streams/readab
le:510:3)
    at Readable.push (node:in
ternal/streams/readable:390:5
)
    at Pipe.onStreamRead (nod
e:internal/stream_base_common
s:189:23)[39m
